Archive member included to satisfy reference by file (symbol)

c:/program files (x86)/atmel/studio/7.0/toolchain/avr8/avr8-gnu-toolchain/bin/../lib/gcc/avr/5.4.0/avr4\libgcc.a(_divmodhi4.o)
                              src/lib/UART/uart.o (__divmodhi4)
c:/program files (x86)/atmel/studio/7.0/toolchain/avr8/avr8-gnu-toolchain/bin/../lib/gcc/avr/5.4.0/avr4\libgcc.a(_udivmodsi4.o)
                              src/lib/UART/uart.o (__udivmodsi4)
c:/program files (x86)/atmel/studio/7.0/toolchain/avr8/avr8-gnu-toolchain/bin/../lib/gcc/avr/5.4.0/avr4\libgcc.a(_exit.o)
                              C:/Program Files (x86)/Atmel/Studio/7.0/Packs/atmel/ATmega_DFP/1.2.132/gcc/dev/atmega8/avr4/crtatmega8.o (exit)
c:/program files (x86)/atmel/studio/7.0/toolchain/avr8/avr8-gnu-toolchain/bin/../lib/gcc/avr/5.4.0/avr4\libgcc.a(_copy_data.o)
                              src/lib/Bluetooth/bluetooth.o (__do_copy_data)
c:/program files (x86)/atmel/studio/7.0/toolchain/avr8/avr8-gnu-toolchain/bin/../lib/gcc/avr/5.4.0/avr4\libgcc.a(_clear_bss.o)
                              src/lib/Bluetooth/bluetooth.o (__do_clear_bss)
c:/program files (x86)/atmel/studio/7.0/toolchain/avr8/avr8-gnu-toolchain/bin/../lib/gcc/avr/5.4.0/avr4\libgcc.a(_udivmodhi4.o)
                              c:/program files (x86)/atmel/studio/7.0/toolchain/avr8/avr8-gnu-toolchain/bin/../lib/gcc/avr/5.4.0/avr4\libgcc.a(_divmodhi4.o) (__udivmodhi4)

Allocating common symbols
Common symbol       size              file

BT_connection       0x4               src/lib/Bluetooth/bluetooth.o
rx_buffer_overflow  0x1               src/lib/UART/uart.o
rx_buffer           0x104             src/lib/UART/uart.o
tx_buffer           0x8               src/lib/UART/uart.o
task_list           0x50              src/lib/Bluetooth/bluetooth.o

Discarded input sections

 .data          0x00000000        0x0 C:/Program Files (x86)/Atmel/Studio/7.0/Packs/atmel/ATmega_DFP/1.2.132/gcc/dev/atmega8/avr4/crtatmega8.o
 .bss           0x00000000        0x0 C:/Program Files (x86)/Atmel/Studio/7.0/Packs/atmel/ATmega_DFP/1.2.132/gcc/dev/atmega8/avr4/crtatmega8.o
 .group         0x00000000        0x8 src/ASF/common/boards/user_board/init.o
 .group         0x00000000        0x8 src/ASF/common/boards/user_board/init.o
 .group         0x00000000        0x8 src/ASF/common/boards/user_board/init.o
 .group         0x00000000        0x8 src/ASF/common/boards/user_board/init.o
 .group         0x00000000        0x8 src/ASF/common/boards/user_board/init.o
 .group         0x00000000        0x8 src/ASF/common/boards/user_board/init.o
 .group         0x00000000        0x8 src/ASF/common/boards/user_board/init.o
 .group         0x00000000        0x8 src/ASF/common/boards/user_board/init.o
 .group         0x00000000        0x8 src/ASF/common/boards/user_board/init.o
 .group         0x00000000        0x8 src/ASF/common/boards/user_board/init.o
 .group         0x00000000        0x8 src/ASF/common/boards/user_board/init.o
 .group         0x00000000        0x8 src/ASF/common/boards/user_board/init.o
 .group         0x00000000        0x8 src/ASF/common/boards/user_board/init.o
 .group         0x00000000        0x8 src/ASF/common/boards/user_board/init.o
 .group         0x00000000        0x8 src/ASF/common/boards/user_board/init.o
 .group         0x00000000        0x8 src/ASF/common/boards/user_board/init.o
 .group         0x00000000        0x8 src/ASF/common/boards/user_board/init.o
 .group         0x00000000        0x8 src/ASF/common/boards/user_board/init.o
 .group         0x00000000        0x8 src/ASF/common/boards/user_board/init.o
 .group         0x00000000        0x8 src/ASF/common/boards/user_board/init.o
 .group         0x00000000        0x8 src/ASF/common/boards/user_board/init.o
 .group         0x00000000        0x8 src/ASF/common/boards/user_board/init.o
 .group         0x00000000        0x8 src/ASF/common/boards/user_board/init.o
 .group         0x00000000        0x8 src/ASF/common/boards/user_board/init.o
 .group         0x00000000        0x8 src/ASF/common/boards/user_board/init.o
 .text          0x00000000        0x0 src/ASF/common/boards/user_board/init.o
 .data          0x00000000        0x0 src/ASF/common/boards/user_board/init.o
 .bss           0x00000000        0x0 src/ASF/common/boards/user_board/init.o
 .text.board_init
                0x00000000        0x2 src/ASF/common/boards/user_board/init.o
 .debug_info    0x00000000       0x7c src/ASF/common/boards/user_board/init.o
 .debug_abbrev  0x00000000       0x47 src/ASF/common/boards/user_board/init.o
 .debug_aranges
                0x00000000       0x20 src/ASF/common/boards/user_board/init.o
 .debug_ranges  0x00000000       0x10 src/ASF/common/boards/user_board/init.o
 .debug_macro   0x00000000      0x152 src/ASF/common/boards/user_board/init.o
 .debug_macro   0x00000000      0xa42 src/ASF/common/boards/user_board/init.o
 .debug_macro   0x00000000       0x10 src/ASF/common/boards/user_board/init.o
 .debug_macro   0x00000000      0x1c9 src/ASF/common/boards/user_board/init.o
 .debug_macro   0x00000000      0x2fc src/ASF/common/boards/user_board/init.o
 .debug_macro   0x00000000       0x9e src/ASF/common/boards/user_board/init.o
 .debug_macro   0x00000000      0xa99 src/ASF/common/boards/user_board/init.o
 .debug_macro   0x00000000      0x139 src/ASF/common/boards/user_board/init.o
 .debug_macro   0x00000000       0xbd src/ASF/common/boards/user_board/init.o
 .debug_macro   0x00000000       0x34 src/ASF/common/boards/user_board/init.o
 .debug_macro   0x00000000       0x18 src/ASF/common/boards/user_board/init.o
 .debug_macro   0x00000000       0x6c src/ASF/common/boards/user_board/init.o
 .debug_macro   0x00000000       0x22 src/ASF/common/boards/user_board/init.o
 .debug_macro   0x00000000      0x16d src/ASF/common/boards/user_board/init.o
 .debug_macro   0x00000000       0x1c src/ASF/common/boards/user_board/init.o
 .debug_macro   0x00000000       0x35 src/ASF/common/boards/user_board/init.o
 .debug_macro   0x00000000       0x66 src/ASF/common/boards/user_board/init.o
 .debug_macro   0x00000000      0x64b src/ASF/common/boards/user_board/init.o
 .debug_macro   0x00000000       0x44 src/ASF/common/boards/user_board/init.o
 .debug_macro   0x00000000       0x69 src/ASF/common/boards/user_board/init.o
 .debug_macro   0x00000000       0x2c src/ASF/common/boards/user_board/init.o
 .debug_macro   0x00000000       0x10 src/ASF/common/boards/user_board/init.o
 .debug_macro   0x00000000       0xe2 src/ASF/common/boards/user_board/init.o
 .debug_macro   0x00000000       0x40 src/ASF/common/boards/user_board/init.o
 .debug_macro   0x00000000      0x100 src/ASF/common/boards/user_board/init.o
 .debug_macro   0x00000000      0x2c0 src/ASF/common/boards/user_board/init.o
 .debug_line    0x00000000      0x38f src/ASF/common/boards/user_board/init.o
 .debug_str     0x00000000     0xe3bb src/ASF/common/boards/user_board/init.o
 .comment       0x00000000       0x31 src/ASF/common/boards/user_board/init.o
 .debug_frame   0x00000000       0x24 src/ASF/common/boards/user_board/init.o
 .group         0x00000000        0x8 src/lib/Bluetooth/bluetooth.o
 .group         0x00000000        0x8 src/lib/Bluetooth/bluetooth.o
 .group         0x00000000        0x8 src/lib/Bluetooth/bluetooth.o
 .group         0x00000000        0x8 src/lib/Bluetooth/bluetooth.o
 .group         0x00000000        0x8 src/lib/Bluetooth/bluetooth.o
 .group         0x00000000        0x8 src/lib/Bluetooth/bluetooth.o
 .group         0x00000000        0x8 src/lib/Bluetooth/bluetooth.o
 .group         0x00000000        0x8 src/lib/Bluetooth/bluetooth.o
 .group         0x00000000        0x8 src/lib/Bluetooth/bluetooth.o
 .group         0x00000000        0x8 src/lib/Bluetooth/bluetooth.o
 .group         0x00000000        0x8 src/lib/Bluetooth/bluetooth.o
 .group         0x00000000        0x8 src/lib/Bluetooth/bluetooth.o
 .group         0x00000000        0x8 src/lib/Bluetooth/bluetooth.o
 .group         0x00000000        0x8 src/lib/Bluetooth/bluetooth.o
 .group         0x00000000        0x8 src/lib/Bluetooth/bluetooth.o
 .group         0x00000000        0x8 src/lib/Bluetooth/bluetooth.o
 .group         0x00000000        0x8 src/lib/Bluetooth/bluetooth.o
 .group         0x00000000        0x8 src/lib/Bluetooth/bluetooth.o
 .group         0x00000000        0x8 src/lib/Bluetooth/bluetooth.o
 .group         0x00000000        0x8 src/lib/Bluetooth/bluetooth.o
 .text          0x00000000        0x0 src/lib/Bluetooth/bluetooth.o
 .data          0x00000000        0x0 src/lib/Bluetooth/bluetooth.o
 .bss           0x00000000        0x0 src/lib/Bluetooth/bluetooth.o
 .text.Bluetooth_cfg_connect
                0x00000000        0x8 src/lib/Bluetooth/bluetooth.o
 .debug_macro   0x00000000      0xa42 src/lib/Bluetooth/bluetooth.o
 .debug_macro   0x00000000       0x10 src/lib/Bluetooth/bluetooth.o
 .debug_macro   0x00000000      0x1c9 src/lib/Bluetooth/bluetooth.o
 .debug_macro   0x00000000      0x2fc src/lib/Bluetooth/bluetooth.o
 .debug_macro   0x00000000       0x9e src/lib/Bluetooth/bluetooth.o
 .debug_macro   0x00000000      0xa99 src/lib/Bluetooth/bluetooth.o
 .debug_macro   0x00000000      0x139 src/lib/Bluetooth/bluetooth.o
 .debug_macro   0x00000000       0xbd src/lib/Bluetooth/bluetooth.o
 .debug_macro   0x00000000       0x34 src/lib/Bluetooth/bluetooth.o
 .debug_macro   0x00000000       0x18 src/lib/Bluetooth/bluetooth.o
 .debug_macro   0x00000000       0x6c src/lib/Bluetooth/bluetooth.o
 .debug_macro   0x00000000       0x10 src/lib/Bluetooth/bluetooth.o
 .debug_macro   0x00000000       0x40 src/lib/Bluetooth/bluetooth.o
 .debug_macro   0x00000000       0x69 src/lib/Bluetooth/bluetooth.o
 .group         0x00000000        0x8 src/lib/MOTOR/motor.o
 .group         0x00000000        0x8 src/lib/MOTOR/motor.o
 .group         0x00000000        0x8 src/lib/MOTOR/motor.o
 .group         0x00000000        0x8 src/lib/MOTOR/motor.o
 .group         0x00000000        0x8 src/lib/MOTOR/motor.o
 .group         0x00000000        0x8 src/lib/MOTOR/motor.o
 .group         0x00000000        0x8 src/lib/MOTOR/motor.o
 .group         0x00000000        0x8 src/lib/MOTOR/motor.o
 .group         0x00000000        0x8 src/lib/MOTOR/motor.o
 .group         0x00000000        0x8 src/lib/MOTOR/motor.o
 .group         0x00000000        0x8 src/lib/MOTOR/motor.o
 .group         0x00000000        0x8 src/lib/MOTOR/motor.o
 .text          0x00000000        0x0 src/lib/MOTOR/motor.o
 .data          0x00000000        0x0 src/lib/MOTOR/motor.o
 .bss           0x00000000        0x0 src/lib/MOTOR/motor.o
 .debug_macro   0x00000000      0xa42 src/lib/MOTOR/motor.o
 .debug_macro   0x00000000       0x10 src/lib/MOTOR/motor.o
 .debug_macro   0x00000000      0x1c9 src/lib/MOTOR/motor.o
 .debug_macro   0x00000000      0x2fc src/lib/MOTOR/motor.o
 .debug_macro   0x00000000       0x9e src/lib/MOTOR/motor.o
 .debug_macro   0x00000000      0xa99 src/lib/MOTOR/motor.o
 .debug_macro   0x00000000      0x139 src/lib/MOTOR/motor.o
 .debug_macro   0x00000000       0xbd src/lib/MOTOR/motor.o
 .debug_macro   0x00000000       0x34 src/lib/MOTOR/motor.o
 .debug_macro   0x00000000       0x18 src/lib/MOTOR/motor.o
 .debug_macro   0x00000000       0x6c src/lib/MOTOR/motor.o
 .debug_macro   0x00000000       0x2e src/lib/MOTOR/motor.o
 .group         0x00000000        0x8 src/lib/Scheduler/schedular.o
 .group         0x00000000        0x8 src/lib/Scheduler/schedular.o
 .group         0x00000000        0x8 src/lib/Scheduler/schedular.o
 .group         0x00000000        0x8 src/lib/Scheduler/schedular.o
 .group         0x00000000        0x8 src/lib/Scheduler/schedular.o
 .group         0x00000000        0x8 src/lib/Scheduler/schedular.o
 .group         0x00000000        0x8 src/lib/Scheduler/schedular.o
 .group         0x00000000        0x8 src/lib/Scheduler/schedular.o
 .group         0x00000000        0x8 src/lib/Scheduler/schedular.o
 .group         0x00000000        0x8 src/lib/Scheduler/schedular.o
 .group         0x00000000        0x8 src/lib/Scheduler/schedular.o
 .group         0x00000000        0x8 src/lib/Scheduler/schedular.o
 .group         0x00000000        0x8 src/lib/Scheduler/schedular.o
 .group         0x00000000        0x8 src/lib/Scheduler/schedular.o
 .text          0x00000000        0x0 src/lib/Scheduler/schedular.o
 .data          0x00000000        0x0 src/lib/Scheduler/schedular.o
 .bss           0x00000000        0x0 src/lib/Scheduler/schedular.o
 .text.deleteTask
                0x00000000       0x44 src/lib/Scheduler/schedular.o
 .text.getTaskStatus
                0x00000000       0x44 src/lib/Scheduler/schedular.o
 .debug_macro   0x00000000      0xa42 src/lib/Scheduler/schedular.o
 .debug_macro   0x00000000       0x10 src/lib/Scheduler/schedular.o
 .debug_macro   0x00000000      0x1c9 src/lib/Scheduler/schedular.o
 .debug_macro   0x00000000      0x2fc src/lib/Scheduler/schedular.o
 .debug_macro   0x00000000       0x9e src/lib/Scheduler/schedular.o
 .debug_macro   0x00000000      0xa99 src/lib/Scheduler/schedular.o
 .debug_macro   0x00000000      0x139 src/lib/Scheduler/schedular.o
 .debug_macro   0x00000000       0xbd src/lib/Scheduler/schedular.o
 .debug_macro   0x00000000       0x34 src/lib/Scheduler/schedular.o
 .debug_macro   0x00000000       0x18 src/lib/Scheduler/schedular.o
 .debug_macro   0x00000000       0x6c src/lib/Scheduler/schedular.o
 .debug_macro   0x00000000       0x10 src/lib/Scheduler/schedular.o
 .debug_macro   0x00000000       0x2e src/lib/Scheduler/schedular.o
 .group         0x00000000        0x8 src/lib/UART/uart.o
 .group         0x00000000        0x8 src/lib/UART/uart.o
 .group         0x00000000        0x8 src/lib/UART/uart.o
 .group         0x00000000        0x8 src/lib/UART/uart.o
 .group         0x00000000        0x8 src/lib/UART/uart.o
 .group         0x00000000        0x8 src/lib/UART/uart.o
 .group         0x00000000        0x8 src/lib/UART/uart.o
 .group         0x00000000        0x8 src/lib/UART/uart.o
 .group         0x00000000        0x8 src/lib/UART/uart.o
 .group         0x00000000        0x8 src/lib/UART/uart.o
 .group         0x00000000        0x8 src/lib/UART/uart.o
 .group         0x00000000        0x8 src/lib/UART/uart.o
 .group         0x00000000        0x8 src/lib/UART/uart.o
 .group         0x00000000        0x8 src/lib/UART/uart.o
 .group         0x00000000        0x8 src/lib/UART/uart.o
 .group         0x00000000        0x8 src/lib/UART/uart.o
 .group         0x00000000        0x8 src/lib/UART/uart.o
 .group         0x00000000        0x8 src/lib/UART/uart.o
 .group         0x00000000        0x8 src/lib/UART/uart.o
 .group         0x00000000        0x8 src/lib/UART/uart.o
 .group         0x00000000        0x8 src/lib/UART/uart.o
 .group         0x00000000        0x8 src/lib/UART/uart.o
 .group         0x00000000        0x8 src/lib/UART/uart.o
 .group         0x00000000        0x8 src/lib/UART/uart.o
 .group         0x00000000        0x8 src/lib/UART/uart.o
 .group         0x00000000        0x8 src/lib/UART/uart.o
 .group         0x00000000        0x8 src/lib/UART/uart.o
 .group         0x00000000        0x8 src/lib/UART/uart.o
 .group         0x00000000        0x8 src/lib/UART/uart.o
 .group         0x00000000        0x8 src/lib/UART/uart.o
 .group         0x00000000        0x8 src/lib/UART/uart.o
 .group         0x00000000        0x8 src/lib/UART/uart.o
 .text          0x00000000        0x0 src/lib/UART/uart.o
 .data          0x00000000        0x0 src/lib/UART/uart.o
 .bss           0x00000000        0x0 src/lib/UART/uart.o
 .text.uart_getchar
                0x00000000       0x5a src/lib/UART/uart.o
 .text.uart_printcrlf
                0x00000000        0xa src/lib/UART/uart.o
 .text.uart_printp
                0x00000000       0x2c src/lib/UART/uart.o
 .text.uart_itoa
                0x00000000       0x94 src/lib/UART/uart.o
 .text.uart_tx_buffer_copy
                0x00000000       0x26 src/lib/UART/uart.o
 .bss.tx_wr_index
                0x00000000        0x2 src/lib/UART/uart.o
 .debug_macro   0x00000000      0xa42 src/lib/UART/uart.o
 .debug_macro   0x00000000       0x10 src/lib/UART/uart.o
 .debug_macro   0x00000000      0x1c9 src/lib/UART/uart.o
 .debug_macro   0x00000000      0x2fc src/lib/UART/uart.o
 .debug_macro   0x00000000       0x9e src/lib/UART/uart.o
 .debug_macro   0x00000000      0xa99 src/lib/UART/uart.o
 .debug_macro   0x00000000      0x139 src/lib/UART/uart.o
 .debug_macro   0x00000000       0xbd src/lib/UART/uart.o
 .debug_macro   0x00000000       0x34 src/lib/UART/uart.o
 .debug_macro   0x00000000       0x18 src/lib/UART/uart.o
 .debug_macro   0x00000000       0x6c src/lib/UART/uart.o
 .debug_macro   0x00000000       0x1c src/lib/UART/uart.o
 .debug_macro   0x00000000       0x66 src/lib/UART/uart.o
 .debug_macro   0x00000000      0x64b src/lib/UART/uart.o
 .debug_macro   0x00000000       0x22 src/lib/UART/uart.o
 .debug_macro   0x00000000       0x44 src/lib/UART/uart.o
 .debug_macro   0x00000000       0x10 src/lib/UART/uart.o
 .debug_macro   0x00000000       0x35 src/lib/UART/uart.o
 .debug_macro   0x00000000       0xe2 src/lib/UART/uart.o
 .debug_macro   0x00000000       0x40 src/lib/UART/uart.o
 .debug_macro   0x00000000      0x100 src/lib/UART/uart.o
 .debug_macro   0x00000000       0x69 src/lib/UART/uart.o
 .debug_macro   0x00000000       0x2c src/lib/UART/uart.o
 .debug_macro   0x00000000       0x34 src/lib/UART/uart.o
 .debug_macro   0x00000000       0x10 src/lib/UART/uart.o
 .group         0x00000000        0x8 src/main.o
 .group         0x00000000        0x8 src/main.o
 .group         0x00000000        0x8 src/main.o
 .group         0x00000000        0x8 src/main.o
 .group         0x00000000        0x8 src/main.o
 .group         0x00000000        0x8 src/main.o
 .group         0x00000000        0x8 src/main.o
 .group         0x00000000        0x8 src/main.o
 .group         0x00000000        0x8 src/main.o
 .group         0x00000000        0x8 src/main.o
 .group         0x00000000        0x8 src/main.o
 .group         0x00000000        0x8 src/main.o
 .group         0x00000000        0x8 src/main.o
 .group         0x00000000        0x8 src/main.o
 .group         0x00000000        0x8 src/main.o
 .group         0x00000000        0x8 src/main.o
 .text          0x00000000        0x0 src/main.o
 .data          0x00000000        0x0 src/main.o
 .bss           0x00000000        0x0 src/main.o
 .debug_macro   0x00000000      0xa42 src/main.o
 .debug_macro   0x00000000       0x10 src/main.o
 .debug_macro   0x00000000      0x1c9 src/main.o
 .debug_macro   0x00000000      0x2fc src/main.o
 .debug_macro   0x00000000       0x9e src/main.o
 .debug_macro   0x00000000      0xa99 src/main.o
 .debug_macro   0x00000000      0x139 src/main.o
 .debug_macro   0x00000000       0xbd src/main.o
 .debug_macro   0x00000000       0x34 src/main.o
 .debug_macro   0x00000000       0x18 src/main.o
 .debug_macro   0x00000000       0x6c src/main.o
 .debug_macro   0x00000000       0x69 src/main.o
 .debug_macro   0x00000000       0x10 src/main.o
 .debug_macro   0x00000000       0x2e src/main.o
 .debug_macro   0x00000000       0x34 src/main.o
 .debug_macro   0x00000000       0x2e src/main.o
 .text          0x00000000        0x0 c:/program files (x86)/atmel/studio/7.0/toolchain/avr8/avr8-gnu-toolchain/bin/../lib/gcc/avr/5.4.0/avr4\libgcc.a(_divmodhi4.o)
 .data          0x00000000        0x0 c:/program files (x86)/atmel/studio/7.0/toolchain/avr8/avr8-gnu-toolchain/bin/../lib/gcc/avr/5.4.0/avr4\libgcc.a(_divmodhi4.o)
 .bss           0x00000000        0x0 c:/program files (x86)/atmel/studio/7.0/toolchain/avr8/avr8-gnu-toolchain/bin/../lib/gcc/avr/5.4.0/avr4\libgcc.a(_divmodhi4.o)
 .text.libgcc.mul
                0x00000000        0x0 c:/program files (x86)/atmel/studio/7.0/toolchain/avr8/avr8-gnu-toolchain/bin/../lib/gcc/avr/5.4.0/avr4\libgcc.a(_divmodhi4.o)
 .text.libgcc.div
                0x00000000       0x26 c:/program files (x86)/atmel/studio/7.0/toolchain/avr8/avr8-gnu-toolchain/bin/../lib/gcc/avr/5.4.0/avr4\libgcc.a(_divmodhi4.o)
 .text.libgcc   0x00000000        0x0 c:/program files (x86)/atmel/studio/7.0/toolchain/avr8/avr8-gnu-toolchain/bin/../lib/gcc/avr/5.4.0/avr4\libgcc.a(_divmodhi4.o)
 .text.libgcc.prologue
                0x00000000        0x0 c:/program files (x86)/atmel/studio/7.0/toolchain/avr8/avr8-gnu-toolchain/bin/../lib/gcc/avr/5.4.0/avr4\libgcc.a(_divmodhi4.o)
 .text.libgcc.builtins
                0x00000000        0x0 c:/program files (x86)/atmel/studio/7.0/toolchain/avr8/avr8-gnu-toolchain/bin/../lib/gcc/avr/5.4.0/avr4\libgcc.a(_divmodhi4.o)
 .text.libgcc.fmul
                0x00000000        0x0 c:/program files (x86)/atmel/studio/7.0/toolchain/avr8/avr8-gnu-toolchain/bin/../lib/gcc/avr/5.4.0/avr4\libgcc.a(_divmodhi4.o)
 .text.libgcc.fixed
                0x00000000        0x0 c:/program files (x86)/atmel/studio/7.0/toolchain/avr8/avr8-gnu-toolchain/bin/../lib/gcc/avr/5.4.0/avr4\libgcc.a(_divmodhi4.o)
 .text          0x00000000        0x0 c:/program files (x86)/atmel/studio/7.0/toolchain/avr8/avr8-gnu-toolchain/bin/../lib/gcc/avr/5.4.0/avr4\libgcc.a(_udivmodsi4.o)
 .data          0x00000000        0x0 c:/program files (x86)/atmel/studio/7.0/toolchain/avr8/avr8-gnu-toolchain/bin/../lib/gcc/avr/5.4.0/avr4\libgcc.a(_udivmodsi4.o)
 .bss           0x00000000        0x0 c:/program files (x86)/atmel/studio/7.0/toolchain/avr8/avr8-gnu-toolchain/bin/../lib/gcc/avr/5.4.0/avr4\libgcc.a(_udivmodsi4.o)
 .text.libgcc.mul
                0x00000000        0x0 c:/program files (x86)/atmel/studio/7.0/toolchain/avr8/avr8-gnu-toolchain/bin/../lib/gcc/avr/5.4.0/avr4\libgcc.a(_udivmodsi4.o)
 .text.libgcc   0x00000000        0x0 c:/program files (x86)/atmel/studio/7.0/toolchain/avr8/avr8-gnu-toolchain/bin/../lib/gcc/avr/5.4.0/avr4\libgcc.a(_udivmodsi4.o)
 .text.libgcc.prologue
                0x00000000        0x0 c:/program files (x86)/atmel/studio/7.0/toolchain/avr8/avr8-gnu-toolchain/bin/../lib/gcc/avr/5.4.0/avr4\libgcc.a(_udivmodsi4.o)
 .text.libgcc.builtins
                0x00000000        0x0 c:/program files (x86)/atmel/studio/7.0/toolchain/avr8/avr8-gnu-toolchain/bin/../lib/gcc/avr/5.4.0/avr4\libgcc.a(_udivmodsi4.o)
 .text.libgcc.fmul
                0x00000000        0x0 c:/program files (x86)/atmel/studio/7.0/toolchain/avr8/avr8-gnu-toolchain/bin/../lib/gcc/avr/5.4.0/avr4\libgcc.a(_udivmodsi4.o)
 .text.libgcc.fixed
                0x00000000        0x0 c:/program files (x86)/atmel/studio/7.0/toolchain/avr8/avr8-gnu-toolchain/bin/../lib/gcc/avr/5.4.0/avr4\libgcc.a(_udivmodsi4.o)
 .text          0x00000000        0x0 c:/program files (x86)/atmel/studio/7.0/toolchain/avr8/avr8-gnu-toolchain/bin/../lib/gcc/avr/5.4.0/avr4\libgcc.a(_exit.o)
 .data          0x00000000        0x0 c:/program files (x86)/atmel/studio/7.0/toolchain/avr8/avr8-gnu-toolchain/bin/../lib/gcc/avr/5.4.0/avr4\libgcc.a(_exit.o)
 .bss           0x00000000        0x0 c:/program files (x86)/atmel/studio/7.0/toolchain/avr8/avr8-gnu-toolchain/bin/../lib/gcc/avr/5.4.0/avr4\libgcc.a(_exit.o)
 .text.libgcc.mul
                0x00000000        0x0 c:/program files (x86)/atmel/studio/7.0/toolchain/avr8/avr8-gnu-toolchain/bin/../lib/gcc/avr/5.4.0/avr4\libgcc.a(_exit.o)
 .text.libgcc.div
                0x00000000        0x0 c:/program files (x86)/atmel/studio/7.0/toolchain/avr8/avr8-gnu-toolchain/bin/../lib/gcc/avr/5.4.0/avr4\libgcc.a(_exit.o)
 .text.libgcc   0x00000000        0x0 c:/program files (x86)/atmel/studio/7.0/toolchain/avr8/avr8-gnu-toolchain/bin/../lib/gcc/avr/5.4.0/avr4\libgcc.a(_exit.o)
 .text.libgcc.prologue
                0x00000000        0x0 c:/program files (x86)/atmel/studio/7.0/toolchain/avr8/avr8-gnu-toolchain/bin/../lib/gcc/avr/5.4.0/avr4\libgcc.a(_exit.o)
 .text.libgcc.builtins
                0x00000000        0x0 c:/program files (x86)/atmel/studio/7.0/toolchain/avr8/avr8-gnu-toolchain/bin/../lib/gcc/avr/5.4.0/avr4\libgcc.a(_exit.o)
 .text.libgcc.fmul
                0x00000000        0x0 c:/program files (x86)/atmel/studio/7.0/toolchain/avr8/avr8-gnu-toolchain/bin/../lib/gcc/avr/5.4.0/avr4\libgcc.a(_exit.o)
 .text.libgcc.fixed
                0x00000000        0x0 c:/program files (x86)/atmel/studio/7.0/toolchain/avr8/avr8-gnu-toolchain/bin/../lib/gcc/avr/5.4.0/avr4\libgcc.a(_exit.o)
 .text          0x00000000        0x0 c:/program files (x86)/atmel/studio/7.0/toolchain/avr8/avr8-gnu-toolchain/bin/../lib/gcc/avr/5.4.0/avr4\libgcc.a(_copy_data.o)
 .data          0x00000000        0x0 c:/program files (x86)/atmel/studio/7.0/toolchain/avr8/avr8-gnu-toolchain/bin/../lib/gcc/avr/5.4.0/avr4\libgcc.a(_copy_data.o)
 .bss           0x00000000        0x0 c:/program files (x86)/atmel/studio/7.0/toolchain/avr8/avr8-gnu-toolchain/bin/../lib/gcc/avr/5.4.0/avr4\libgcc.a(_copy_data.o)
 .text.libgcc.mul
                0x00000000        0x0 c:/program files (x86)/atmel/studio/7.0/toolchain/avr8/avr8-gnu-toolchain/bin/../lib/gcc/avr/5.4.0/avr4\libgcc.a(_copy_data.o)
 .text.libgcc.div
                0x00000000        0x0 c:/program files (x86)/atmel/studio/7.0/toolchain/avr8/avr8-gnu-toolchain/bin/../lib/gcc/avr/5.4.0/avr4\libgcc.a(_copy_data.o)
 .text.libgcc   0x00000000        0x0 c:/program files (x86)/atmel/studio/7.0/toolchain/avr8/avr8-gnu-toolchain/bin/../lib/gcc/avr/5.4.0/avr4\libgcc.a(_copy_data.o)
 .text.libgcc.prologue
                0x00000000        0x0 c:/program files (x86)/atmel/studio/7.0/toolchain/avr8/avr8-gnu-toolchain/bin/../lib/gcc/avr/5.4.0/avr4\libgcc.a(_copy_data.o)
 .text.libgcc.builtins
                0x00000000        0x0 c:/program files (x86)/atmel/studio/7.0/toolchain/avr8/avr8-gnu-toolchain/bin/../lib/gcc/avr/5.4.0/avr4\libgcc.a(_copy_data.o)
 .text.libgcc.fmul
                0x00000000        0x0 c:/program files (x86)/atmel/studio/7.0/toolchain/avr8/avr8-gnu-toolchain/bin/../lib/gcc/avr/5.4.0/avr4\libgcc.a(_copy_data.o)
 .text.libgcc.fixed
                0x00000000        0x0 c:/program files (x86)/atmel/studio/7.0/toolchain/avr8/avr8-gnu-toolchain/bin/../lib/gcc/avr/5.4.0/avr4\libgcc.a(_copy_data.o)
 .text          0x00000000        0x0 c:/program files (x86)/atmel/studio/7.0/toolchain/avr8/avr8-gnu-toolchain/bin/../lib/gcc/avr/5.4.0/avr4\libgcc.a(_clear_bss.o)
 .data          0x00000000        0x0 c:/program files (x86)/atmel/studio/7.0/toolchain/avr8/avr8-gnu-toolchain/bin/../lib/gcc/avr/5.4.0/avr4\libgcc.a(_clear_bss.o)
 .bss           0x00000000        0x0 c:/program files (x86)/atmel/studio/7.0/toolchain/avr8/avr8-gnu-toolchain/bin/../lib/gcc/avr/5.4.0/avr4\libgcc.a(_clear_bss.o)
 .text.libgcc.mul
                0x00000000        0x0 c:/program files (x86)/atmel/studio/7.0/toolchain/avr8/avr8-gnu-toolchain/bin/../lib/gcc/avr/5.4.0/avr4\libgcc.a(_clear_bss.o)
 .text.libgcc.div
                0x00000000        0x0 c:/program files (x86)/atmel/studio/7.0/toolchain/avr8/avr8-gnu-toolchain/bin/../lib/gcc/avr/5.4.0/avr4\libgcc.a(_clear_bss.o)
 .text.libgcc   0x00000000        0x0 c:/program files (x86)/atmel/studio/7.0/toolchain/avr8/avr8-gnu-toolchain/bin/../lib/gcc/avr/5.4.0/avr4\libgcc.a(_clear_bss.o)
 .text.libgcc.prologue
                0x00000000        0x0 c:/program files (x86)/atmel/studio/7.0/toolchain/avr8/avr8-gnu-toolchain/bin/../lib/gcc/avr/5.4.0/avr4\libgcc.a(_clear_bss.o)
 .text.libgcc.builtins
                0x00000000        0x0 c:/program files (x86)/atmel/studio/7.0/toolchain/avr8/avr8-gnu-toolchain/bin/../lib/gcc/avr/5.4.0/avr4\libgcc.a(_clear_bss.o)
 .text.libgcc.fmul
                0x00000000        0x0 c:/program files (x86)/atmel/studio/7.0/toolchain/avr8/avr8-gnu-toolchain/bin/../lib/gcc/avr/5.4.0/avr4\libgcc.a(_clear_bss.o)
 .text.libgcc.fixed
                0x00000000        0x0 c:/program files (x86)/atmel/studio/7.0/toolchain/avr8/avr8-gnu-toolchain/bin/../lib/gcc/avr/5.4.0/avr4\libgcc.a(_clear_bss.o)
 .text          0x00000000        0x0 c:/program files (x86)/atmel/studio/7.0/toolchain/avr8/avr8-gnu-toolchain/bin/../lib/gcc/avr/5.4.0/avr4\libgcc.a(_udivmodhi4.o)
 .data          0x00000000        0x0 c:/program files (x86)/atmel/studio/7.0/toolchain/avr8/avr8-gnu-toolchain/bin/../lib/gcc/avr/5.4.0/avr4\libgcc.a(_udivmodhi4.o)
 .bss           0x00000000        0x0 c:/program files (x86)/atmel/studio/7.0/toolchain/avr8/avr8-gnu-toolchain/bin/../lib/gcc/avr/5.4.0/avr4\libgcc.a(_udivmodhi4.o)
 .text.libgcc.mul
                0x00000000        0x0 c:/program files (x86)/atmel/studio/7.0/toolchain/avr8/avr8-gnu-toolchain/bin/../lib/gcc/avr/5.4.0/avr4\libgcc.a(_udivmodhi4.o)
 .text.libgcc.div
                0x00000000       0x28 c:/program files (x86)/atmel/studio/7.0/toolchain/avr8/avr8-gnu-toolchain/bin/../lib/gcc/avr/5.4.0/avr4\libgcc.a(_udivmodhi4.o)
 .text.libgcc   0x00000000        0x0 c:/program files (x86)/atmel/studio/7.0/toolchain/avr8/avr8-gnu-toolchain/bin/../lib/gcc/avr/5.4.0/avr4\libgcc.a(_udivmodhi4.o)
 .text.libgcc.prologue
                0x00000000        0x0 c:/program files (x86)/atmel/studio/7.0/toolchain/avr8/avr8-gnu-toolchain/bin/../lib/gcc/avr/5.4.0/avr4\libgcc.a(_udivmodhi4.o)
 .text.libgcc.builtins
                0x00000000        0x0 c:/program files (x86)/atmel/studio/7.0/toolchain/avr8/avr8-gnu-toolchain/bin/../lib/gcc/avr/5.4.0/avr4\libgcc.a(_udivmodhi4.o)
 .text.libgcc.fmul
                0x00000000        0x0 c:/program files (x86)/atmel/studio/7.0/toolchain/avr8/avr8-gnu-toolchain/bin/../lib/gcc/avr/5.4.0/avr4\libgcc.a(_udivmodhi4.o)
 .text.libgcc.fixed
                0x00000000        0x0 c:/program files (x86)/atmel/studio/7.0/toolchain/avr8/avr8-gnu-toolchain/bin/../lib/gcc/avr/5.4.0/avr4\libgcc.a(_udivmodhi4.o)

Memory Configuration

Name             Origin             Length             Attributes
text             0x00000000         0x00002000         xr
data             0x00800060         0x0000ffa0         rw !x
eeprom           0x00810000         0x00010000         rw !x
fuse             0x00820000         0x00000002         rw !x
lock             0x00830000         0x00000400         rw !x
signature        0x00840000         0x00000400         rw !x
user_signatures  0x00850000         0x00000400         rw !x
*default*        0x00000000         0xffffffff

Linker script and memory map

LOAD C:/Program Files (x86)/Atmel/Studio/7.0/Packs/atmel/ATmega_DFP/1.2.132/gcc/dev/atmega8/avr4/crtatmega8.o
LOAD src/ASF/common/boards/user_board/init.o
LOAD src/lib/Bluetooth/bluetooth.o
LOAD src/lib/MOTOR/motor.o
LOAD src/lib/Scheduler/schedular.o
LOAD src/lib/UART/uart.o
LOAD src/main.o
START GROUP
LOAD c:/program files (x86)/atmel/studio/7.0/toolchain/avr8/avr8-gnu-toolchain/bin/../lib/gcc/avr/5.4.0/../../../../avr/lib/avr4\libm.a
END GROUP
START GROUP
LOAD c:/program files (x86)/atmel/studio/7.0/toolchain/avr8/avr8-gnu-toolchain/bin/../lib/gcc/avr/5.4.0/avr4\libgcc.a
LOAD c:/program files (x86)/atmel/studio/7.0/toolchain/avr8/avr8-gnu-toolchain/bin/../lib/gcc/avr/5.4.0/../../../../avr/lib/avr4\libm.a
LOAD c:/program files (x86)/atmel/studio/7.0/toolchain/avr8/avr8-gnu-toolchain/bin/../lib/gcc/avr/5.4.0/../../../../avr/lib/avr4\libc.a
LOAD C:/Program Files (x86)/Atmel/Studio/7.0/Packs/atmel/ATmega_DFP/1.2.132/gcc/dev/atmega8/avr4\libatmega8.a
END GROUP
                0x00002000                __TEXT_REGION_LENGTH__ = DEFINED (__TEXT_REGION_LENGTH__)?__TEXT_REGION_LENGTH__:0x2000
                0x0000ffa0                __DATA_REGION_LENGTH__ = DEFINED (__DATA_REGION_LENGTH__)?__DATA_REGION_LENGTH__:0xffa0
                0x00010000                __EEPROM_REGION_LENGTH__ = DEFINED (__EEPROM_REGION_LENGTH__)?__EEPROM_REGION_LENGTH__:0x10000
                [0x00000002]                __FUSE_REGION_LENGTH__ = DEFINED (__FUSE_REGION_LENGTH__)?__FUSE_REGION_LENGTH__:0x400
                0x00000400                __LOCK_REGION_LENGTH__ = DEFINED (__LOCK_REGION_LENGTH__)?__LOCK_REGION_LENGTH__:0x400
                0x00000400                __SIGNATURE_REGION_LENGTH__ = DEFINED (__SIGNATURE_REGION_LENGTH__)?__SIGNATURE_REGION_LENGTH__:0x400
                0x00000400                __USER_SIGNATURE_REGION_LENGTH__ = DEFINED (__USER_SIGNATURE_REGION_LENGTH__)?__USER_SIGNATURE_REGION_LENGTH__:0x400

.hash
 *(.hash)

.dynsym
 *(.dynsym)

.dynstr
 *(.dynstr)

.gnu.version
 *(.gnu.version)

.gnu.version_d
 *(.gnu.version_d)

.gnu.version_r
 *(.gnu.version_r)

.rel.init
 *(.rel.init)

.rela.init
 *(.rela.init)

.rel.text
 *(.rel.text)
 *(.rel.text.*)
 *(.rel.gnu.linkonce.t*)

.rela.text
 *(.rela.text)
 *(.rela.text.*)
 *(.rela.gnu.linkonce.t*)

.rel.fini
 *(.rel.fini)

.rela.fini
 *(.rela.fini)

.rel.rodata
 *(.rel.rodata)
 *(.rel.rodata.*)
 *(.rel.gnu.linkonce.r*)

.rela.rodata
 *(.rela.rodata)
 *(.rela.rodata.*)
 *(.rela.gnu.linkonce.r*)

.rel.data
 *(.rel.data)
 *(.rel.data.*)
 *(.rel.gnu.linkonce.d*)

.rela.data
 *(.rela.data)
 *(.rela.data.*)
 *(.rela.gnu.linkonce.d*)

.rel.ctors
 *(.rel.ctors)

.rela.ctors
 *(.rela.ctors)

.rel.dtors
 *(.rel.dtors)

.rela.dtors
 *(.rela.dtors)

.rel.got
 *(.rel.got)

.rela.got
 *(.rela.got)

.rel.bss
 *(.rel.bss)

.rela.bss
 *(.rela.bss)

.rel.plt
 *(.rel.plt)

.rela.plt
 *(.rela.plt)

.text           0x00000000      0x60a
 *(.vectors)
 .vectors       0x00000000       0x26 C:/Program Files (x86)/Atmel/Studio/7.0/Packs/atmel/ATmega_DFP/1.2.132/gcc/dev/atmega8/avr4/crtatmega8.o
                0x00000000                __vector_default
                0x00000000                __vectors
 *(.vectors)
 *(.progmem.gcc*)
                0x00000026                . = ALIGN (0x2)
                0x00000026                __trampolines_start = .
 *(.trampolines)
 .trampolines   0x00000026        0x0 linker stubs
 *(.trampolines*)
                0x00000026                __trampolines_end = .
 *libprintf_flt.a:*(.progmem.data)
 *libc.a:*(.progmem.data)
 *(.progmem*)
 .progmem.data.LT
                0x00000026        0x3 src/lib/Bluetooth/bluetooth.o
                0x00000026                LT
 .progmem.data.RT
                0x00000029        0x3 src/lib/Bluetooth/bluetooth.o
                0x00000029                RT
 .progmem.data.ST
                0x0000002c        0x3 src/lib/Bluetooth/bluetooth.o
                0x0000002c                ST
 .progmem.data.RV
                0x0000002f        0x3 src/lib/Bluetooth/bluetooth.o
                0x0000002f                RV
 .progmem.data.FW
                0x00000032        0x3 src/lib/Bluetooth/bluetooth.o
                0x00000032                FW
                0x00000036                . = ALIGN (0x2)
 *fill*         0x00000035        0x1 
 *(.jumptables)
 *(.jumptables*)
 *(.lowtext)
 *(.lowtext*)
                0x00000036                __ctors_start = .
 *(.ctors)
                0x00000036                __ctors_end = .
                0x00000036                __dtors_start = .
 *(.dtors)
                0x00000036                __dtors_end = .
 SORT(*)(.ctors)
 SORT(*)(.dtors)
 *(.init0)
 .init0         0x00000036        0x0 C:/Program Files (x86)/Atmel/Studio/7.0/Packs/atmel/ATmega_DFP/1.2.132/gcc/dev/atmega8/avr4/crtatmega8.o
                0x00000036                __init
 *(.init0)
 *(.init1)
 *(.init1)
 *(.init2)
 .init2         0x00000036        0xc C:/Program Files (x86)/Atmel/Studio/7.0/Packs/atmel/ATmega_DFP/1.2.132/gcc/dev/atmega8/avr4/crtatmega8.o
 *(.init2)
 *(.init3)
 *(.init3)
 *(.init4)
 .init4         0x00000042       0x16 c:/program files (x86)/atmel/studio/7.0/toolchain/avr8/avr8-gnu-toolchain/bin/../lib/gcc/avr/5.4.0/avr4\libgcc.a(_copy_data.o)
                0x00000042                __do_copy_data
 .init4         0x00000058       0x10 c:/program files (x86)/atmel/studio/7.0/toolchain/avr8/avr8-gnu-toolchain/bin/../lib/gcc/avr/5.4.0/avr4\libgcc.a(_clear_bss.o)
                0x00000058                __do_clear_bss
 *(.init4)
 *(.init5)
 *(.init5)
 *(.init6)
 *(.init6)
 *(.init7)
 *(.init7)
 *(.init8)
 *(.init8)
 *(.init9)
 .init9         0x00000068        0x4 C:/Program Files (x86)/Atmel/Studio/7.0/Packs/atmel/ATmega_DFP/1.2.132/gcc/dev/atmega8/avr4/crtatmega8.o
 *(.init9)
 *(.text)
 .text          0x0000006c        0x2 C:/Program Files (x86)/Atmel/Studio/7.0/Packs/atmel/ATmega_DFP/1.2.132/gcc/dev/atmega8/avr4/crtatmega8.o
                0x0000006c                __vector_1
                0x0000006c                __vector_12
                0x0000006c                __bad_interrupt
                0x0000006c                __vector_6
                0x0000006c                __vector_3
                0x0000006c                __vector_17
                0x0000006c                __vector_7
                0x0000006c                __vector_5
                0x0000006c                __vector_4
                0x0000006c                __vector_9
                0x0000006c                __vector_2
                0x0000006c                __vector_15
                0x0000006c                __vector_14
                0x0000006c                __vector_10
                0x0000006c                __vector_16
                0x0000006c                __vector_18
                0x0000006e                . = ALIGN (0x2)
 *(.text.*)
 .text.BluetoothManager
                0x0000006e      0x174 src/lib/Bluetooth/bluetooth.o
                0x0000006e                BluetoothManager
 .text.BT_Manager
                0x000001e2        0x8 src/lib/Bluetooth/bluetooth.o
                0x000001e2                BT_Manager
 .text.Bluetooth_Init
                0x000001ea       0x1a src/lib/Bluetooth/bluetooth.o
                0x000001ea                Bluetooth_Init
 .text.Motor_stop
                0x00000204        0x8 src/lib/MOTOR/motor.o
                0x00000204                Motor_stop
 .text.Motor_init
                0x0000020c        0xa src/lib/MOTOR/motor.o
                0x0000020c                Motor_init
 .text.Motor_forward
                0x00000216        0xe src/lib/MOTOR/motor.o
                0x00000216                Motor_forward
 .text.Motor_reverse
                0x00000224        0xe src/lib/MOTOR/motor.o
                0x00000224                Motor_reverse
 .text.Motor_right
                0x00000232        0xa src/lib/MOTOR/motor.o
                0x00000232                Motor_right
 .text.Motor_left
                0x0000023c        0xa src/lib/MOTOR/motor.o
                0x0000023c                Motor_left
 .text.initScheduler
                0x00000246       0x42 src/lib/Scheduler/schedular.o
                0x00000246                initScheduler
 .text.addTask  0x00000288       0x40 src/lib/Scheduler/schedular.o
                0x00000288                addTask
 .text.dispatchTasks
                0x000002c8       0x6e src/lib/Scheduler/schedular.o
                0x000002c8                dispatchTasks
 .text.__vector_8
                0x00000336       0x1e src/lib/Scheduler/schedular.o
                0x00000336                __vector_8
 .text.__vector_11
                0x00000354       0x92 src/lib/UART/uart.o
                0x00000354                __vector_11
 .text.uart_rx_buffer_flush
                0x000003e6       0x38 src/lib/UART/uart.o
                0x000003e6                uart_rx_buffer_flush
 .text.uart_tx_buffer_search
                0x0000041e       0xb8 src/lib/UART/uart.o
                0x0000041e                uart_tx_buffer_search
 .text.__vector_13
                0x000004d6       0x7e src/lib/UART/uart.o
                0x000004d6                __vector_13
 .text.uart_putchar
                0x00000554        0x8 src/lib/UART/uart.o
                0x00000554                uart_putchar
 .text.uart_printr
                0x0000055c       0x1c src/lib/UART/uart.o
                0x0000055c                uart_printr
 .text.uart_init
                0x00000578       0x3a src/lib/UART/uart.o
                0x00000578                uart_init
 .text.main     0x000005b2       0x10 src/main.o
                0x000005b2                main
 .text.libgcc.div
                0x000005c2       0x44 c:/program files (x86)/atmel/studio/7.0/toolchain/avr8/avr8-gnu-toolchain/bin/../lib/gcc/avr/5.4.0/avr4\libgcc.a(_udivmodsi4.o)
                0x000005c2                __udivmodsi4
                0x00000606                . = ALIGN (0x2)
 *(.fini9)
 .fini9         0x00000606        0x0 c:/program files (x86)/atmel/studio/7.0/toolchain/avr8/avr8-gnu-toolchain/bin/../lib/gcc/avr/5.4.0/avr4\libgcc.a(_exit.o)
                0x00000606                _exit
                0x00000606                exit
 *(.fini9)
 *(.fini8)
 *(.fini8)
 *(.fini7)
 *(.fini7)
 *(.fini6)
 *(.fini6)
 *(.fini5)
 *(.fini5)
 *(.fini4)
 *(.fini4)
 *(.fini3)
 *(.fini3)
 *(.fini2)
 *(.fini2)
 *(.fini1)
 *(.fini1)
 *(.fini0)
 .fini0         0x00000606        0x4 c:/program files (x86)/atmel/studio/7.0/toolchain/avr8/avr8-gnu-toolchain/bin/../lib/gcc/avr/5.4.0/avr4\libgcc.a(_exit.o)
 *(.fini0)
                0x0000060a                _etext = .

.data           0x00800060       0x2c load address 0x0000060a
                0x00800060                PROVIDE (__data_start, .)
 *(.data)
 *(.data*)
 *(.rodata)
 *(.rodata*)
 .rodata.str1.1
                0x00800060       0x1e src/lib/Bluetooth/bluetooth.o
 .rodata.str1.1
                0x0080007e        0xe src/main.o
 *(.gnu.linkonce.d*)
                0x0080008c                . = ALIGN (0x2)
                0x0080008c                _edata = .
                0x0080008c                PROVIDE (__data_end, .)

.bss            0x0080008c      0x16c
                0x0080008c                PROVIDE (__bss_start, .)
 *(.bss)
 *(.bss*)
 .bss.TaskTick  0x0080008c        0x1 src/lib/Scheduler/schedular.o
 .bss.tx_counter
                0x0080008d        0x2 src/lib/UART/uart.o
                0x0080008d                tx_counter
 .bss.tx_rd_index
                0x0080008f        0x2 src/lib/UART/uart.o
                0x0080008f                tx_rd_index
 .bss.rx_counter
                0x00800091        0x2 src/lib/UART/uart.o
                0x00800091                rx_counter
 .bss.rx_rd_index
                0x00800093        0x2 src/lib/UART/uart.o
                0x00800093                rx_rd_index
 .bss.rx_wr_index
                0x00800095        0x2 src/lib/UART/uart.o
                0x00800095                rx_wr_index
 *(COMMON)
 COMMON         0x00800097       0x54 src/lib/Bluetooth/bluetooth.o
                0x00800097                BT_connection
                0x0080009b                task_list
 COMMON         0x008000eb      0x10d src/lib/UART/uart.o
                0x008000eb                rx_buffer_overflow
                0x008000ec                rx_buffer
                0x008001f0                tx_buffer
                0x008001f8                PROVIDE (__bss_end, .)
                0x0000060a                __data_load_start = LOADADDR (.data)
                0x00000636                __data_load_end = (__data_load_start + SIZEOF (.data))

.noinit         0x008001f8        0x0
                [!provide]                PROVIDE (__noinit_start, .)
 *(.noinit*)
                [!provide]                PROVIDE (__noinit_end, .)
                0x008001f8                _end = .
                [!provide]                PROVIDE (__heap_start, .)

.eeprom         0x00810000        0x0
 *(.eeprom*)
                0x00810000                __eeprom_end = .

.fuse
 *(.fuse)
 *(.lfuse)
 *(.hfuse)
 *(.efuse)

.lock
 *(.lock*)

.signature
 *(.signature*)

.user_signatures
 *(.user_signatures*)

.stab
 *(.stab)

.stabstr
 *(.stabstr)

.stab.excl
 *(.stab.excl)

.stab.exclstr
 *(.stab.exclstr)

.stab.index
 *(.stab.index)

.stab.indexstr
 *(.stab.indexstr)

.comment        0x00000000       0x30
 *(.comment)
 .comment       0x00000000       0x30 src/lib/Bluetooth/bluetooth.o
                                 0x31 (size before relaxing)
 .comment       0x00000030       0x31 src/lib/MOTOR/motor.o
 .comment       0x00000030       0x31 src/lib/Scheduler/schedular.o
 .comment       0x00000030       0x31 src/lib/UART/uart.o
 .comment       0x00000030       0x31 src/main.o

.note.gnu.avr.deviceinfo
                0x00000000       0x3c
 .note.gnu.avr.deviceinfo
                0x00000000       0x3c C:/Program Files (x86)/Atmel/Studio/7.0/Packs/atmel/ATmega_DFP/1.2.132/gcc/dev/atmega8/avr4/crtatmega8.o

.note.gnu.build-id
 *(.note.gnu.build-id)

.debug
 *(.debug)

.line
 *(.line)

.debug_srcinfo
 *(.debug_srcinfo)

.debug_sfnames
 *(.debug_sfnames)

.debug_aranges  0x00000000      0x160
 *(.debug_aranges)
 .debug_aranges
                0x00000000       0x38 src/lib/Bluetooth/bluetooth.o
 .debug_aranges
                0x00000038       0x48 src/lib/MOTOR/motor.o
 .debug_aranges
                0x00000080       0x48 src/lib/Scheduler/schedular.o
 .debug_aranges
                0x000000c8       0x78 src/lib/UART/uart.o
 .debug_aranges
                0x00000140       0x20 src/main.o

.debug_pubnames
 *(.debug_pubnames)

.debug_info     0x00000000     0x14d4
 *(.debug_info .gnu.linkonce.wi.*)
 .debug_info    0x00000000      0x48c C:/Program Files (x86)/Atmel/Studio/7.0/Packs/atmel/ATmega_DFP/1.2.132/gcc/dev/atmega8/avr4/crtatmega8.o
 .debug_info    0x0000048c      0x5a1 src/lib/Bluetooth/bluetooth.o
 .debug_info    0x00000a2d      0x103 src/lib/MOTOR/motor.o
 .debug_info    0x00000b30      0x292 src/lib/Scheduler/schedular.o
 .debug_info    0x00000dc2      0x55c src/lib/UART/uart.o
 .debug_info    0x0000131e      0x1b6 src/main.o

.debug_abbrev   0x00000000      0xa85
 *(.debug_abbrev)
 .debug_abbrev  0x00000000      0x44e C:/Program Files (x86)/Atmel/Studio/7.0/Packs/atmel/ATmega_DFP/1.2.132/gcc/dev/atmega8/avr4/crtatmega8.o
 .debug_abbrev  0x0000044e      0x1b9 src/lib/Bluetooth/bluetooth.o
 .debug_abbrev  0x00000607       0x79 src/lib/MOTOR/motor.o
 .debug_abbrev  0x00000680      0x16e src/lib/Scheduler/schedular.o
 .debug_abbrev  0x000007ee      0x1a6 src/lib/UART/uart.o
 .debug_abbrev  0x00000994       0xf1 src/main.o

.debug_line     0x00000000     0x15b5
 *(.debug_line .debug_line.* .debug_line_end)
 .debug_line    0x00000000      0x109 C:/Program Files (x86)/Atmel/Studio/7.0/Packs/atmel/ATmega_DFP/1.2.132/gcc/dev/atmega8/avr4/crtatmega8.o
 .debug_line    0x00000109      0x494 src/lib/Bluetooth/bluetooth.o
 .debug_line    0x0000059d      0x2cb src/lib/MOTOR/motor.o
 .debug_line    0x00000868      0x3eb src/lib/Scheduler/schedular.o
 .debug_line    0x00000c53      0x66b src/lib/UART/uart.o
 .debug_line    0x000012be      0x2f7 src/main.o

.debug_frame    0x00000000      0x31c
 *(.debug_frame)
 .debug_frame   0x00000000       0x60 src/lib/Bluetooth/bluetooth.o
 .debug_frame   0x00000060       0x74 src/lib/MOTOR/motor.o
 .debug_frame   0x000000d4       0xa8 src/lib/Scheduler/schedular.o
 .debug_frame   0x0000017c      0x17c src/lib/UART/uart.o
 .debug_frame   0x000002f8       0x24 src/main.o

.debug_str      0x00000000     0xe672
 *(.debug_str)
 .debug_str     0x00000000      0x17a C:/Program Files (x86)/Atmel/Studio/7.0/Packs/atmel/ATmega_DFP/1.2.132/gcc/dev/atmega8/avr4/crtatmega8.o
 .debug_str     0x0000017a     0x7313 src/lib/Bluetooth/bluetooth.o
                               0x73f0 (size before relaxing)
 .debug_str     0x0000748d       0x24 src/lib/MOTOR/motor.o
                               0x58df (size before relaxing)
 .debug_str     0x000074b1       0x6f src/lib/Scheduler/schedular.o
                               0x5cfa (size before relaxing)
 .debug_str     0x00007520     0x713f src/lib/UART/uart.o
                               0xe3d8 (size before relaxing)
 .debug_str     0x0000e65f       0x13 src/main.o
                               0x5de2 (size before relaxing)

.debug_loc      0x00000000      0xaad
 *(.debug_loc)
 .debug_loc     0x00000000       0x75 src/lib/Bluetooth/bluetooth.o
 .debug_loc     0x00000075      0x229 src/lib/Scheduler/schedular.o
 .debug_loc     0x0000029e      0x80f src/lib/UART/uart.o

.debug_macinfo
 *(.debug_macinfo)

.debug_weaknames
 *(.debug_weaknames)

.debug_funcnames
 *(.debug_funcnames)

.debug_typenames
 *(.debug_typenames)

.debug_varnames
 *(.debug_varnames)

.debug_pubtypes
 *(.debug_pubtypes)

.debug_ranges   0x00000000      0x110
 *(.debug_ranges)
 .debug_ranges  0x00000000       0x28 src/lib/Bluetooth/bluetooth.o
 .debug_ranges  0x00000028       0x38 src/lib/MOTOR/motor.o
 .debug_ranges  0x00000060       0x38 src/lib/Scheduler/schedular.o
 .debug_ranges  0x00000098       0x68 src/lib/UART/uart.o
 .debug_ranges  0x00000100       0x10 src/main.o

.debug_macro    0x00000000      0xa31
 *(.debug_macro)
 .debug_macro   0x00000000      0x118 src/lib/Bluetooth/bluetooth.o
 .debug_macro   0x00000118       0x89 src/lib/Bluetooth/bluetooth.o
 .debug_macro   0x000001a1       0xee src/lib/Bluetooth/bluetooth.o
 .debug_macro   0x0000028f       0x34 src/lib/Bluetooth/bluetooth.o
 .debug_macro   0x000002c3       0x10 src/lib/Bluetooth/bluetooth.o
 .debug_macro   0x000002d3       0x2e src/lib/Bluetooth/bluetooth.o
 .debug_macro   0x00000301       0x2e src/lib/Bluetooth/bluetooth.o
 .debug_macro   0x0000032f       0x90 src/lib/MOTOR/motor.o
 .debug_macro   0x000003bf       0xae src/lib/Scheduler/schedular.o
 .debug_macro   0x0000046d       0x63 src/lib/Scheduler/schedular.o
 .debug_macro   0x000004d0      0x16b src/lib/UART/uart.o
 .debug_macro   0x0000063b       0x58 src/lib/UART/uart.o
 .debug_macro   0x00000693       0x10 src/lib/UART/uart.o
 .debug_macro   0x000006a3       0x97 src/lib/UART/uart.o
 .debug_macro   0x0000073a       0xf2 src/lib/UART/uart.o
 .debug_macro   0x0000082c       0x97 src/lib/UART/uart.o
 .debug_macro   0x000008c3       0x86 src/lib/UART/uart.o
 .debug_macro   0x00000949       0x16 src/lib/UART/uart.o
 .debug_macro   0x0000095f       0xd2 src/main.o
OUTPUT(M8_BOT.elf elf32-avr)
LOAD linker stubs
